 Image partner-management-php Building 
#1 [internal] load local bake definitions
#1 reading from stdin 585B done
#1 DONE 0.0s

#2 [internal] load build definition from Dockerfile
#2 transferring dockerfile:
#2 transferring dockerfile: 1.83kB 0.0s done
#2 WARN: NoEmptyContinuation: Empty continuation line (line 46)
#2 WARN: NoEmptyContinuation: Empty continuation line (line 70)
#2 WARN: NoEmptyContinuation: Empty continuation line (line 91)
#2 DONE 0.2s

#3 [internal] load metadata for docker.io/library/node:18-alpine
#3 ...

#4 [auth] library/composer:pull token for registry-1.docker.io
#4 DONE 0.0s

#5 [auth] library/node:pull token for registry-1.docker.io
#5 DONE 0.0s

#6 [auth] library/php:pull token for registry-1.docker.io
#6 DONE 0.0s

#7 [internal] load metadata for docker.io/library/composer:2.7
#7 ...

#8 [internal] load metadata for docker.io/library/php:8.2-fpm-alpine
#8 DONE 1.8s

#3 [internal] load metadata for docker.io/library/node:18-alpine
#3 DONE 1.8s

#7 [internal] load metadata for docker.io/library/composer:2.7
#7 DONE 1.8s

#9 [internal] load .dockerignore
#9 transferring context: 2B done
#9 DONE 0.0s

#10 [internal] load build context
#10 DONE 0.0s

#11 FROM docker.io/library/composer:2.7@sha256:cb3483dc851665462a66c59982577dfbbde0ae2059e8b5550c2f49f44b8c333e
#11 resolve docker.io/library/composer:2.7@sha256:cb3483dc851665462a66c59982577dfbbde0ae2059e8b5550c2f49f44b8c333e 0.1s done
#11 DONE 0.1s

#12 [assets 1/7] FROM docker.io/library/node:18-alpine@sha256:8d6421d663b4c28fd3ebc498332f249011d118945588d0a35cb9bc4b8ca09d9e
#12 resolve docker.io/library/node:18-alpine@sha256:8d6421d663b4c28fd3ebc498332f249011d118945588d0a35cb9bc4b8ca09d9e
#12 resolve docker.io/library/node:18-alpine@sha256:8d6421d663b4c28fd3ebc498332f249011d118945588d0a35cb9bc4b8ca09d9e 0.1s done
#12 DONE 0.1s

#13 [stage-1  1/11] FROM docker.io/library/php:8.2-fpm-alpine@sha256:41ddda74d95c43518c3e4414e6c1c99f9c062d397f0c7a2d8cadf8d1f035d196
#13 resolve docker.io/library/php:8.2-fpm-alpine@sha256:41ddda74d95c43518c3e4414e6c1c99f9c062d397f0c7a2d8cadf8d1f035d196 0.1s done
#13 DONE 0.1s

#14 [stage-1  2/11] RUN apk add --no-cache     bash     curl     libpng-dev     libjpeg-turbo-dev     libwebp-dev     freetype-dev     libzip-dev     zip     unzip     git     oniguruma-dev     icu-dev     linux-headers
#14 CACHED

#11 FROM docker.io/library/composer:2.7@sha256:cb3483dc851665462a66c59982577dfbbde0ae2059e8b5550c2f49f44b8c333e
#11 CACHED

#10 [internal] load build context
#10 transferring context: 1.73MB 3.7s done
#10 DONE 3.8s

#15 [stage-1  3/11] RUN docker-php-ext-configure gd --with-freetype --with-jpeg --with-webp     && docker-php-ext-install -j$(nproc)         pdo_mysql         mbstring         exif         pcntl         bcmath         gd         zip         intl         opcache
#15 ...

#16 [assets 2/7] WORKDIR /app
#16 CACHED

#17 [assets 3/7] COPY package.json package-lock.json ./
#17 CACHED

#18 [assets 4/7] RUN npm ci
#18 CACHED

#19 [assets 5/7] COPY resources/ resources/
#19 CACHED

#20 [assets 6/7] COPY webpack.mix.js .
#20 CACHED

#21 [assets 7/7] RUN npm run production
#21 CACHED

#22 [stage-1  9/11] COPY --from=assets /app/public/css ./public/css
#22 CACHED

#23 [stage-1  4/11] COPY --from=composer:2.7 /usr/bin/composer /usr/bin/composer
#23 CACHED

#24 [stage-1  5/11] WORKDIR /var/www/html
#24 CACHED

#25 [stage-1  6/11] COPY . .
#25 CACHED

#26 [stage-1  7/11] RUN composer install --no-dev --optimize-autoloader --no-interaction
#26 CACHED

#27 [stage-1  8/11] COPY --from=assets /app/public/js  ./public/js
#27 CACHED

#28 [stage-1 10/11] COPY --from=assets /app/public/mix-manifest.json ./public/mix-manifest.json
#28 ERROR: failed to calculate checksum of ref wg7uqo4cp5rclj1amvi0umio8::fez2apv780gq2cjblrolipto5: "/app/public/mix-manifest.json": not found

#15 [stage-1  3/11] RUN docker-php-ext-configure gd --with-freetype --with-jpeg --with-webp     && docker-php-ext-install -j$(nproc)         pdo_mysql         mbstring         exif         pcntl         bcmath         gd         zip         intl         opcache
#15 CANCELED
------
 > [stage-1 10/11] COPY --from=assets /app/public/mix-manifest.json ./public/mix-manifest.json:
------
Dockerfile:87

--------------------

  85 |     COPY --from=assets /app/public/js  ./public/js

  86 |     COPY --from=assets /app/public/css ./public/css

  87 | >>> COPY --from=assets /app/public/mix-manifest.json ./public/mix-manifest.json

  88 |     

  89 |     RUN chown -R www-data:www-data /var/www/html/storage /var/www/html/bootstrap/cache \

--------------------

failed to solve: failed to compute cache key: failed to calculate checksum of ref wg7uqo4cp5rclj1amvi0umio8::fez2apv780gq2cjblrolipto5: "/app/public/mix-manifest.json": not found

